Топ-300 слов в заголовках статей:
2 обсуждение
2 революция
2 россии
2 участник
1 аграрная
1 базовая
1 варяг
1 воды
1 военный
1 война
1 годов
1 гражданская
1 греки
1 заглавная
1 империя
1 кавказские
1 киевская
1 книга
1 коммунизм
1 красная
1 лингвистика
1 литва
1 мамонты
1 минеральные
1 новая
1 политика
1 путь
1 реформа
1 российская
1 россия
1 русь
1 слоновые
1 социология
1 соционика
1 статья
1 столыпинская
1 страница
1 участника
1 февральская
1 школа
1 экономическая

Топ-300 слов в статьях:
1120 россии
980 года
565 году
506 российской
483 автор
483 заглавие
469 место
446 были
435 книга
426 было
424 файл
407 издательство
405 ссылка
391 также
339 россия
323 была
304 империи
302 страницы
285 после
248 время
243 часть
235 населения
232 только
231 руси
227 войны
223 более
223 страниц
218 александр
217 века
211 марта
207 издание
206 федерации
203 власти
201 статья
200 владимир
200 ссср
193 война
190 армии
187 николай
185 революции
185 человек
183 земли
181 история
179 российская
176 между
175 социология
174 ответственный
166 около
163 однако
161 государства
160 государственной
160 правительства
154 правительство
150 начало
146 территории
145 михаил
144 революция
144 язык
142 русской
139 истории
139 является
138 власть
138 русь
137 крестьян
136 всех
136 которые
135 александрович
134 января
133 страны
129 земель
127 части
126 население
125 период
125 через
123 которых
121 всего
121 гражданской
121 февраля
118 думы
118 есть
117 государство
113 того
111 литвы
108 когда
107 армия
107 вооруж
107 рабочих
106 войска
106 годы
106 против
106 совет
104 конец
104 согласно
103 николая
102 образования
101 восстание
101 другие
101 наиболее
101 нные
101 сергей
100 генерал
100 этого
99 результате
99 советской
98 мира
98 нных
98 русская
96 государственный
96 который
96 лингвистика
95 права
94 города
94 мире
94 республика
93 город
93 категория
93 образование
92 николаевич
92 право
92 стран
92 тысяч
90 номер
89 годов
89 наука
89 общества
88 даже
88 иванович
88 первой
88 цитаты
88 этом
86 государственного
86 социологии
85 других
85 партии
85 слон
85 этот
84 несколько
84 основная
83 октября
82 мамонтов
82 путь
82 совета
81 если
81 империя
81 реформы
81 серия
80 князя
80 можно
80 первый
79 культуры
79 политика
79 стороны
78 государственная
78 дума
78 мамонта
78 среди
78 хозяйства
77 временного
77 лишь
77 мини
77 области
76 воды
76 день
76 одной
76 петрограде
76 роль
76 себя
75 развития
75 санкт
75 языка
74 большевиков
74 либо
74 мировой
74 москва
74 реформа
73 гражданская
73 декабря
73 князь
73 красная
73 собрание
72 михайлович
72 оригинал
72 русский
72 список
71 древней
71 жизни
71 которой
71 мамонт
71 может
71 начале
71 первая
71 рост
70 иван
70 которого
70 красной
70 крестьяне
70 слоны
70 числе
70 число
69 владимирович
69 годах
69 кроме
69 общество
69 человека
68 быть
68 затем
68 система
68 состав
68 тираж
67 войск
67 времени
67 движение
67 журнал
67 комитет
67 ноября
67 образом
67 фильм
66 васильевич
66 вопрос
66 данным
66 количество
66 которая
66 область
66 стали
66 чтобы
65 войне
65 перед
65 союз
64 второй
64 науки
64 положение
64 промышленности
64 силы
63 вымер
63 закон
63 княжество
63 конце
63 основные
63 своих
63 функции
62 киев
62 фронта
61 военно
61 военного
61 мнению
61 начала
61 своей
60 великого
60 временное
60 наук
60 один
60 партия
60 советская
60 хотя
59 законов
59 например
59 соционика
59 ходе
58 литва
58 сентября
58 энциклопедия
57 основе
57 пути
57 русских
56 десятин
56 июля
56 москве
56 петербург
56 район
56 родзянко
56 февральской
55 александра
55 млрд
55 работы
55 северо
55 социальных
55 труда
54 блока
54 большая
54 великий
54 восточной
54 данные
54 европы
54 определ
54 рсфср
54 собой
54 стране
54 экономики
54 этих
53 императора
53 культура
53 ленин
53 некоторых
53 северной
53 стало
53 центр
53 школа
53 школы
53 этой
52 группа

Распределение статей по размеру:
1 1
2 1
3 3
4 7
5 12

Распределение статей по времени:
2004 1
2005 0
2006 0
2007 0
2008 0
2009 0
2010 0
2011 0
2012 0
2013 0
2014 0
2015 0
2016 0
2017 0
2018 2
2019 1
2020 20
